Archive member included because of file (symbol)

c:/program files (x86)/atmel/avr tools/avr toolchain/bin/../lib/gcc/avr/4.6.2/avr6\libgcc.a(_divmodhi4.o)
                              queue.o (__divmodhi4)
c:/program files (x86)/atmel/avr tools/avr toolchain/bin/../lib/gcc/avr/4.6.2/avr6\libgcc.a(_exit.o)
                              c:/program files (x86)/atmel/avr tools/avr toolchain/bin/../lib/gcc/avr/4.6.2/../../../../avr/lib/avr6/crtm2560.o (exit)
c:/program files (x86)/atmel/avr tools/avr toolchain/bin/../lib/gcc/avr/4.6.2/avr6\libgcc.a(_copy_data.o)
                              pjt8.o (__do_copy_data)
c:/program files (x86)/atmel/avr tools/avr toolchain/bin/../lib/gcc/avr/4.6.2/avr6\libgcc.a(_clear_bss.o)
                              pjt8.o (__do_clear_bss)
c:/program files (x86)/atmel/avr tools/avr toolchain/bin/../lib/gcc/avr/4.6.2/avr6\libgcc.a(_udivmodhi4.o)
                              c:/program files (x86)/atmel/avr tools/avr toolchain/bin/../lib/gcc/avr/4.6.2/avr6\libgcc.a(_divmodhi4.o) (__udivmodhi4)
c:/program files (x86)/atmel/avr tools/avr toolchain/bin/../lib/gcc/avr/4.6.2/../../../../avr/lib/avr6\libc.a(strtok.o)
                              pjt8.o (strtok)
c:/program files (x86)/atmel/avr tools/avr toolchain/bin/../lib/gcc/avr/4.6.2/../../../../avr/lib/avr6\libc.a(strcmp.o)
                              pjt8.o (strcmp)
c:/program files (x86)/atmel/avr tools/avr toolchain/bin/../lib/gcc/avr/4.6.2/../../../../avr/lib/avr6\libc.a(strtok_r.o)
                              c:/program files (x86)/atmel/avr tools/avr toolchain/bin/../lib/gcc/avr/4.6.2/../../../../avr/lib/avr6\libc.a(strtok.o) (strtok_r)
c:/program files (x86)/atmel/avr tools/avr toolchain/bin/../lib/gcc/avr/4.6.2/../../../../avr/lib/avr6\libc.a(fgets.o)
                              pjt8.o (fgets)
c:/program files (x86)/atmel/avr tools/avr toolchain/bin/../lib/gcc/avr/4.6.2/../../../../avr/lib/avr6\libc.a(iob.o)
                              pjt8.o (__iob)
c:/program files (x86)/atmel/avr tools/avr toolchain/bin/../lib/gcc/avr/4.6.2/../../../../avr/lib/avr6\libc.a(printf.o)
                              pjt8.o (printf)
c:/program files (x86)/atmel/avr tools/avr toolchain/bin/../lib/gcc/avr/4.6.2/../../../../avr/lib/avr6\libc.a(puts.o)
                              pjt8.o (puts)
c:/program files (x86)/atmel/avr tools/avr toolchain/bin/../lib/gcc/avr/4.6.2/../../../../avr/lib/avr6\libc.a(vfprintf_std.o)
                              c:/program files (x86)/atmel/avr tools/avr toolchain/bin/../lib/gcc/avr/4.6.2/../../../../avr/lib/avr6\libc.a(printf.o) (vfprintf)
c:/program files (x86)/atmel/avr tools/avr toolchain/bin/../lib/gcc/avr/4.6.2/../../../../avr/lib/avr6\libc.a(strnlen_P.o)
                              c:/program files (x86)/atmel/avr tools/avr toolchain/bin/../lib/gcc/avr/4.6.2/../../../../avr/lib/avr6\libc.a(vfprintf_std.o) (strnlen_P)
c:/program files (x86)/atmel/avr tools/avr toolchain/bin/../lib/gcc/avr/4.6.2/../../../../avr/lib/avr6\libc.a(strnlen.o)
                              c:/program files (x86)/atmel/avr tools/avr toolchain/bin/../lib/gcc/avr/4.6.2/../../../../avr/lib/avr6\libc.a(vfprintf_std.o) (strnlen)
c:/program files (x86)/atmel/avr tools/avr toolchain/bin/../lib/gcc/avr/4.6.2/../../../../avr/lib/avr6\libc.a(fgetc.o)
                              c:/program files (x86)/atmel/avr tools/avr toolchain/bin/../lib/gcc/avr/4.6.2/../../../../avr/lib/avr6\libc.a(fgets.o) (fgetc)
c:/program files (x86)/atmel/avr tools/avr toolchain/bin/../lib/gcc/avr/4.6.2/../../../../avr/lib/avr6\libc.a(fputc.o)
                              c:/program files (x86)/atmel/avr tools/avr toolchain/bin/../lib/gcc/avr/4.6.2/../../../../avr/lib/avr6\libc.a(vfprintf_std.o) (fputc)
c:/program files (x86)/atmel/avr tools/avr toolchain/bin/../lib/gcc/avr/4.6.2/../../../../avr/lib/avr6\libc.a(ultoa_invert.o)
                              c:/program files (x86)/atmel/avr tools/avr toolchain/bin/../lib/gcc/avr/4.6.2/../../../../avr/lib/avr6\libc.a(vfprintf_std.o) (__ultoa_invert)

Allocating common symbols
Common symbol       size              file

fi                  0x2               queue.o
qo                  0x100             queue.o
uart_busy           0x1               uart.o
fo                  0x2               queue.o
ro                  0x2               queue.o
ri                  0x2               queue.o
__iob               0x6               c:/program files (x86)/atmel/avr tools/avr toolchain/bin/../lib/gcc/avr/4.6.2/../../../../avr/lib/avr6\libc.a(iob.o)
qi                  0x100             queue.o

Memory Configuration

Name             Origin             Length             Attributes
text             0x00000000         0x00100000         xr
data             0x00800200         0x0000fe00         rw !x
eeprom           0x00810000         0x00010000         rw !x
fuse             0x00820000         0x00000400         rw !x
lock             0x00830000         0x00000400         rw !x
signature        0x00840000         0x00000400         rw !x
*default*        0x00000000         0xffffffff

Linker script and memory map

Address of section .data set to 0x800200
LOAD c:/program files (x86)/atmel/avr tools/avr toolchain/bin/../lib/gcc/avr/4.6.2/../../../../avr/lib/avr6/crtm2560.o
LOAD pjt8.o
LOAD queue.o
LOAD uart.o
LOAD prime.o
LOAD interrupt.o
LOAD c:/program files (x86)/atmel/avr tools/avr toolchain/bin/../lib/gcc/avr/4.6.2/avr6\libgcc.a
LOAD c:/program files (x86)/atmel/avr tools/avr toolchain/bin/../lib/gcc/avr/4.6.2/../../../../avr/lib/avr6\libc.a
LOAD c:/program files (x86)/atmel/avr tools/avr toolchain/bin/../lib/gcc/avr/4.6.2/avr6\libgcc.a

.hash
 *(.hash)

.dynsym
 *(.dynsym)

.dynstr
 *(.dynstr)

.gnu.version
 *(.gnu.version)

.gnu.version_d
 *(.gnu.version_d)

.gnu.version_r
 *(.gnu.version_r)

.rel.init
 *(.rel.init)

.rela.init
 *(.rela.init)

.rel.text
 *(.rel.text)
 *(.rel.text.*)
 *(.rel.gnu.linkonce.t*)

.rela.text
 *(.rela.text)
 *(.rela.text.*)
 *(.rela.gnu.linkonce.t*)

.rel.fini
 *(.rel.fini)

.rela.fini
 *(.rela.fini)

.rel.rodata
 *(.rel.rodata)
 *(.rel.rodata.*)
 *(.rel.gnu.linkonce.r*)

.rela.rodata
 *(.rela.rodata)
 *(.rela.rodata.*)
 *(.rela.gnu.linkonce.r*)

.rel.data
 *(.rel.data)
 *(.rel.data.*)
 *(.rel.gnu.linkonce.d*)

.rela.data
 *(.rela.data)
 *(.rela.data.*)
 *(.rela.gnu.linkonce.d*)

.rel.ctors
 *(.rel.ctors)

.rela.ctors
 *(.rela.ctors)

.rel.dtors
 *(.rel.dtors)

.rela.dtors
 *(.rela.dtors)

.rel.got
 *(.rel.got)

.rela.got
 *(.rela.got)

.rel.bss
 *(.rel.bss)

.rela.bss
 *(.rela.bss)

.rel.plt
 *(.rel.plt)

.rela.plt
 *(.rela.plt)

.text           0x00000000      0xcae
 *(.vectors)
 .vectors       0x00000000       0xe4 c:/program files (x86)/atmel/avr tools/avr toolchain/bin/../lib/gcc/avr/4.6.2/../../../../avr/lib/avr6/crtm2560.o
                0x00000000                __vector_default
                0x00000000                __vectors
 *(.vectors)
 *(.progmem.gcc*)
 *(.progmem*)
                0x000000e4                . = ALIGN (0x2)
                0x000000e4                __trampolines_start = .
 *(.trampolines)
 .trampolines   0x000000e4        0x0 linker stubs
 *(.trampolines*)
                0x000000e4                __trampolines_end = .
 *(.jumptables)
 *(.jumptables*)
 *(.lowtext)
 *(.lowtext*)
                0x000000e4                __ctors_start = .
 *(.ctors)
                0x000000e4                __ctors_end = .
                0x000000e4                __dtors_start = .
 *(.dtors)
                0x000000e4                __dtors_end = .
 SORT(*)(.ctors)
 SORT(*)(.dtors)
 *(.init0)
 .init0         0x000000e4        0x0 c:/program files (x86)/atmel/avr tools/avr toolchain/bin/../lib/gcc/avr/4.6.2/../../../../avr/lib/avr6/crtm2560.o
                0x000000e4                __init
 *(.init0)
 *(.init1)
 *(.init1)
 *(.init2)
 .init2         0x000000e4       0x10 c:/program files (x86)/atmel/avr tools/avr toolchain/bin/../lib/gcc/avr/4.6.2/../../../../avr/lib/avr6/crtm2560.o
 *(.init2)
 *(.init3)
 *(.init3)
 *(.init4)
 .init4         0x000000f4       0x1c c:/program files (x86)/atmel/avr tools/avr toolchain/bin/../lib/gcc/avr/4.6.2/avr6\libgcc.a(_copy_data.o)
                0x000000f4                __do_copy_data
 .init4         0x00000110       0x10 c:/program files (x86)/atmel/avr tools/avr toolchain/bin/../lib/gcc/avr/4.6.2/avr6\libgcc.a(_clear_bss.o)
                0x00000110                __do_clear_bss
 *(.init4)
 *(.init5)
 *(.init5)
 *(.init6)
 *(.init6)
 *(.init7)
 *(.init7)
 *(.init8)
 *(.init8)
 *(.init9)
 .init9         0x00000120        0x8 c:/program files (x86)/atmel/avr tools/avr toolchain/bin/../lib/gcc/avr/4.6.2/../../../../avr/lib/avr6/crtm2560.o
 *(.init9)
 *(.text)
 .text          0x00000128        0x4 c:/program files (x86)/atmel/avr tools/avr toolchain/bin/../lib/gcc/avr/4.6.2/../../../../avr/lib/avr6/crtm2560.o
                0x00000128                __vector_38
                0x00000128                __vector_22
                0x00000128                __vector_28
                0x00000128                __vector_1
                0x00000128                __vector_32
                0x00000128                __vector_34
                0x00000128                __vector_24
                0x00000128                __vector_12
                0x00000128                __vector_55
                0x00000128                __vector_46
                0x00000128                __bad_interrupt
                0x00000128                __vector_6
                0x00000128                __vector_31
                0x00000128                __vector_35
                0x00000128                __vector_39
                0x00000128                __vector_3
                0x00000128                __vector_23
                0x00000128                __vector_30
                0x00000128                __vector_45
                0x00000128                __vector_11
                0x00000128                __vector_54
                0x00000128                __vector_13
                0x00000128                __vector_17
                0x00000128                __vector_19
                0x00000128                __vector_56
                0x00000128                __vector_7
                0x00000128                __vector_49
                0x00000128                __vector_41
                0x00000128                __vector_43
                0x00000128                __vector_5
                0x00000128                __vector_33
                0x00000128                __vector_47
                0x00000128                __vector_52
                0x00000128                __vector_37
                0x00000128                __vector_4
                0x00000128                __vector_44
                0x00000128                __vector_51
                0x00000128                __vector_9
                0x00000128                __vector_2
                0x00000128                __vector_21
                0x00000128                __vector_15
                0x00000128                __vector_36
                0x00000128                __vector_29
                0x00000128                __vector_40
                0x00000128                __vector_8
                0x00000128                __vector_26
                0x00000128                __vector_48
                0x00000128                __vector_14
                0x00000128                __vector_53
                0x00000128                __vector_10
                0x00000128                __vector_50
                0x00000128                __vector_16
                0x00000128                __vector_18
                0x00000128                __vector_20
                0x00000128                __vector_42
 .text          0x0000012c        0x0 pjt8.o
 .text          0x0000012c      0x11e queue.o
                0x0000012c                q_init
                0x0000014e                qi_insert
                0x00000192                qi_delete
                0x000001cc                qo_insert
                0x00000210                qo_delete
 .text          0x0000024a       0xdc uart.o
                0x0000024a                uart_getchar
                0x00000264                uart_putchar
                0x000002a8                uart_init
                0x000002fa                uart_echo
 .text          0x00000326       0xc4 prime.o
                0x00000326                is_prime
                0x00000362                app_prime
 .text          0x000003ea       0xc8 interrupt.o
                0x000003ea                __vector_27
                0x00000448                __vector_25
 .text          0x000004b2        0x0 c:/program files (x86)/atmel/avr tools/avr toolchain/bin/../lib/gcc/avr/4.6.2/avr6\libgcc.a(_divmodhi4.o)
 .text          0x000004b2        0x0 c:/program files (x86)/atmel/avr tools/avr toolchain/bin/../lib/gcc/avr/4.6.2/avr6\libgcc.a(_exit.o)
 .text          0x000004b2        0x0 c:/program files (x86)/atmel/avr tools/avr toolchain/bin/../lib/gcc/avr/4.6.2/avr6\libgcc.a(_copy_data.o)
 .text          0x000004b2        0x0 c:/program files (x86)/atmel/avr tools/avr toolchain/bin/../lib/gcc/avr/4.6.2/avr6\libgcc.a(_clear_bss.o)
 .text          0x000004b2        0x0 c:/program files (x86)/atmel/avr tools/avr toolchain/bin/../lib/gcc/avr/4.6.2/avr6\libgcc.a(_udivmodhi4.o)
 .text          0x000004b2        0x0 c:/program files (x86)/atmel/avr tools/avr toolchain/bin/../lib/gcc/avr/4.6.2/../../../../avr/lib/avr6\libc.a(strtok.o)
 .text          0x000004b2        0x0 c:/program files (x86)/atmel/avr tools/avr toolchain/bin/../lib/gcc/avr/4.6.2/../../../../avr/lib/avr6\libc.a(strcmp.o)
 .text          0x000004b2        0x0 c:/program files (x86)/atmel/avr tools/avr toolchain/bin/../lib/gcc/avr/4.6.2/../../../../avr/lib/avr6\libc.a(strtok_r.o)
 .text          0x000004b2        0x0 c:/program files (x86)/atmel/avr tools/avr toolchain/bin/../lib/gcc/avr/4.6.2/../../../../avr/lib/avr6\libc.a(fgets.o)
 .text          0x000004b2        0x0 c:/program files (x86)/atmel/avr tools/avr toolchain/bin/../lib/gcc/avr/4.6.2/../../../../avr/lib/avr6\libc.a(iob.o)
 .text          0x000004b2        0x0 c:/program files (x86)/atmel/avr tools/avr toolchain/bin/../lib/gcc/avr/4.6.2/../../../../avr/lib/avr6\libc.a(printf.o)
 .text          0x000004b2        0x0 c:/program files (x86)/atmel/avr tools/avr toolchain/bin/../lib/gcc/avr/4.6.2/../../../../avr/lib/avr6\libc.a(puts.o)
 .text          0x000004b2        0x0 c:/program files (x86)/atmel/avr tools/avr toolchain/bin/../lib/gcc/avr/4.6.2/../../../../avr/lib/avr6\libc.a(vfprintf_std.o)
 .text          0x000004b2        0x0 c:/program files (x86)/atmel/avr tools/avr toolchain/bin/../lib/gcc/avr/4.6.2/../../../../avr/lib/avr6\libc.a(strnlen_P.o)
 .text          0x000004b2        0x0 c:/program files (x86)/atmel/avr tools/avr toolchain/bin/../lib/gcc/avr/4.6.2/../../../../avr/lib/avr6\libc.a(strnlen.o)
 .text          0x000004b2        0x0 c:/program files (x86)/atmel/avr tools/avr toolchain/bin/../lib/gcc/avr/4.6.2/../../../../avr/lib/avr6\libc.a(fgetc.o)
 .text          0x000004b2        0x0 c:/program files (x86)/atmel/avr tools/avr toolchain/bin/../lib/gcc/avr/4.6.2/../../../../avr/lib/avr6\libc.a(fputc.o)
 .text          0x000004b2        0x0 c:/program files (x86)/atmel/avr tools/avr toolchain/bin/../lib/gcc/avr/4.6.2/../../../../avr/lib/avr6\libc.a(ultoa_invert.o)
                0x000004b2                . = ALIGN (0x2)
 *(.text.*)
 .text.startup  0x000004b2       0x8a pjt8.o
                0x000004b2                main
 .text.libgcc   0x0000053c       0x26 c:/program files (x86)/atmel/avr tools/avr toolchain/bin/../lib/gcc/avr/4.6.2/avr6\libgcc.a(_divmodhi4.o)
                0x0000053c                _div
                0x0000053c                __divmodhi4
 .text.libgcc   0x00000562        0x0 c:/program files (x86)/atmel/avr tools/avr toolchain/bin/../lib/gcc/avr/4.6.2/avr6\libgcc.a(_exit.o)
 .text.libgcc   0x00000562        0x0 c:/program files (x86)/atmel/avr tools/avr toolchain/bin/../lib/gcc/avr/4.6.2/avr6\libgcc.a(_copy_data.o)
 .text.libgcc   0x00000562        0x0 c:/program files (x86)/atmel/avr tools/avr toolchain/bin/../lib/gcc/avr/4.6.2/avr6\libgcc.a(_clear_bss.o)
 .text.libgcc   0x00000562       0x28 c:/program files (x86)/atmel/avr tools/avr toolchain/bin/../lib/gcc/avr/4.6.2/avr6\libgcc.a(_udivmodhi4.o)
                0x00000562                __udivmodhi4
 .text.avr-libc
                0x0000058a        0xa c:/program files (x86)/atmel/avr tools/avr toolchain/bin/../lib/gcc/avr/4.6.2/../../../../avr/lib/avr6\libc.a(strtok.o)
                0x0000058a                strtok
 .text.avr-libc
                0x00000594       0x12 c:/program files (x86)/atmel/avr tools/avr toolchain/bin/../lib/gcc/avr/4.6.2/../../../../avr/lib/avr6\libc.a(strcmp.o)
                0x00000594                strcmp
 .text.avr-libc
                0x000005a6       0x4e c:/program files (x86)/atmel/avr tools/avr toolchain/bin/../lib/gcc/avr/4.6.2/../../../../avr/lib/avr6\libc.a(strtok_r.o)
                0x000005a6                strtok_r
 .text.avr-libc
                0x000005f4       0x68 c:/program files (x86)/atmel/avr tools/avr toolchain/bin/../lib/gcc/avr/4.6.2/../../../../avr/lib/avr6\libc.a(fgets.o)
                0x000005f4                fgets
 .text.avr-libc
                0x0000065c       0x24 c:/program files (x86)/atmel/avr tools/avr toolchain/bin/../lib/gcc/avr/4.6.2/../../../../avr/lib/avr6\libc.a(printf.o)
                0x0000065c                printf
 .text.avr-libc
                0x00000680       0x5c c:/program files (x86)/atmel/avr tools/avr toolchain/bin/../lib/gcc/avr/4.6.2/../../../../avr/lib/avr6\libc.a(puts.o)
                0x00000680                puts
 .text.avr-libc
                0x000006dc      0x40e c:/program files (x86)/atmel/avr tools/avr toolchain/bin/../lib/gcc/avr/4.6.2/../../../../avr/lib/avr6\libc.a(vfprintf_std.o)
                0x000006dc                vfprintf
 .text.avr-libc
                0x00000aea       0x16 c:/program files (x86)/atmel/avr tools/avr toolchain/bin/../lib/gcc/avr/4.6.2/../../../../avr/lib/avr6\libc.a(strnlen_P.o)
                0x00000aea                strnlen_P
 .text.avr-libc
                0x00000b00       0x16 c:/program files (x86)/atmel/avr tools/avr toolchain/bin/../lib/gcc/avr/4.6.2/../../../../avr/lib/avr6\libc.a(strnlen.o)
                0x00000b00                strnlen
 .text.avr-libc
                0x00000b16       0x80 c:/program files (x86)/atmel/avr tools/avr toolchain/bin/../lib/gcc/avr/4.6.2/../../../../avr/lib/avr6\libc.a(fgetc.o)
                0x00000b16                fgetc
 .text.avr-libc
                0x00000b96       0x58 c:/program files (x86)/atmel/avr tools/avr toolchain/bin/../lib/gcc/avr/4.6.2/../../../../avr/lib/avr6\libc.a(fputc.o)
                0x00000b96                fputc
 .text.avr-libc
                0x00000bee       0xbc c:/program files (x86)/atmel/avr tools/avr toolchain/bin/../lib/gcc/avr/4.6.2/../../../../avr/lib/avr6\libc.a(ultoa_invert.o)
                0x00000bee                __ultoa_invert
                0x00000caa                . = ALIGN (0x2)
 *(.fini9)
 .fini9         0x00000caa        0x0 c:/program files (x86)/atmel/avr tools/avr toolchain/bin/../lib/gcc/avr/4.6.2/avr6\libgcc.a(_exit.o)
                0x00000caa                _exit
                0x00000caa                exit
 *(.fini9)
 *(.fini8)
 *(.fini8)
 *(.fini7)
 *(.fini7)
 *(.fini6)
 *(.fini6)
 *(.fini5)
 *(.fini5)
 *(.fini4)
 *(.fini4)
 *(.fini3)
 *(.fini3)
 *(.fini2)
 *(.fini2)
 *(.fini1)
 *(.fini1)
 *(.fini0)
 .fini0         0x00000caa        0x4 c:/program files (x86)/atmel/avr tools/avr toolchain/bin/../lib/gcc/avr/4.6.2/avr6\libgcc.a(_exit.o)
 *(.fini0)
                0x00000cae                _etext = .

.data           0x00800200       0x76 load address 0x00000cae
                0x00800200                PROVIDE (__data_start, .)
 *(.data)
 .data          0x00800200        0x0 c:/program files (x86)/atmel/avr tools/avr toolchain/bin/../lib/gcc/avr/4.6.2/../../../../avr/lib/avr6/crtm2560.o
 .data          0x00800200       0x36 pjt8.o
 .data          0x00800236        0x0 queue.o
 .data          0x00800236       0x1c uart.o
                0x00800236                Mystdin
                0x00800244                Mystdout
 .data          0x00800252       0x24 prime.o
 .data          0x00800276        0x0 interrupt.o
 .data          0x00800276        0x0 c:/program files (x86)/atmel/avr tools/avr toolchain/bin/../lib/gcc/avr/4.6.2/avr6\libgcc.a(_divmodhi4.o)
 .data          0x00800276        0x0 c:/program files (x86)/atmel/avr tools/avr toolchain/bin/../lib/gcc/avr/4.6.2/avr6\libgcc.a(_exit.o)
 .data          0x00800276        0x0 c:/program files (x86)/atmel/avr tools/avr toolchain/bin/../lib/gcc/avr/4.6.2/avr6\libgcc.a(_copy_data.o)
 .data          0x00800276        0x0 c:/program files (x86)/atmel/avr tools/avr toolchain/bin/../lib/gcc/avr/4.6.2/avr6\libgcc.a(_clear_bss.o)
 .data          0x00800276        0x0 c:/program files (x86)/atmel/avr tools/avr toolchain/bin/../lib/gcc/avr/4.6.2/avr6\libgcc.a(_udivmodhi4.o)
 .data          0x00800276        0x0 c:/program files (x86)/atmel/avr tools/avr toolchain/bin/../lib/gcc/avr/4.6.2/../../../../avr/lib/avr6\libc.a(strtok.o)
 .data          0x00800276        0x0 c:/program files (x86)/atmel/avr tools/avr toolchain/bin/../lib/gcc/avr/4.6.2/../../../../avr/lib/avr6\libc.a(strcmp.o)
 .data          0x00800276        0x0 c:/program files (x86)/atmel/avr tools/avr toolchain/bin/../lib/gcc/avr/4.6.2/../../../../avr/lib/avr6\libc.a(strtok_r.o)
 .data          0x00800276        0x0 c:/program files (x86)/atmel/avr tools/avr toolchain/bin/../lib/gcc/avr/4.6.2/../../../../avr/lib/avr6\libc.a(fgets.o)
 .data          0x00800276        0x0 c:/program files (x86)/atmel/avr tools/avr toolchain/bin/../lib/gcc/avr/4.6.2/../../../../avr/lib/avr6\libc.a(iob.o)
 .data          0x00800276        0x0 c:/program files (x86)/atmel/avr tools/avr toolchain/bin/../lib/gcc/avr/4.6.2/../../../../avr/lib/avr6\libc.a(printf.o)
 .data          0x00800276        0x0 c:/program files (x86)/atmel/avr tools/avr toolchain/bin/../lib/gcc/avr/4.6.2/../../../../avr/lib/avr6\libc.a(puts.o)
 .data          0x00800276        0x0 c:/program files (x86)/atmel/avr tools/avr toolchain/bin/../lib/gcc/avr/4.6.2/../../../../avr/lib/avr6\libc.a(vfprintf_std.o)
 .data          0x00800276        0x0 c:/program files (x86)/atmel/avr tools/avr toolchain/bin/../lib/gcc/avr/4.6.2/../../../../avr/lib/avr6\libc.a(strnlen_P.o)
 .data          0x00800276        0x0 c:/program files (x86)/atmel/avr tools/avr toolchain/bin/../lib/gcc/avr/4.6.2/../../../../avr/lib/avr6\libc.a(strnlen.o)
 .data          0x00800276        0x0 c:/program files (x86)/atmel/avr tools/avr toolchain/bin/../lib/gcc/avr/4.6.2/../../../../avr/lib/avr6\libc.a(fgetc.o)
 .data          0x00800276        0x0 c:/program files (x86)/atmel/avr tools/avr toolchain/bin/../lib/gcc/avr/4.6.2/../../../../avr/lib/avr6\libc.a(fputc.o)
 .data          0x00800276        0x0 c:/program files (x86)/atmel/avr tools/avr toolchain/bin/../lib/gcc/avr/4.6.2/../../../../avr/lib/avr6\libc.a(ultoa_invert.o)
 *(.data*)
 *(.rodata)
 *(.rodata*)
 *(.gnu.linkonce.d*)
                0x00800276                . = ALIGN (0x2)
                0x00800276                _edata = .
                0x00800276                PROVIDE (__data_end, .)

.bss            0x00800276      0x211
                0x00800276                PROVIDE (__bss_start, .)
 *(.bss)
 .bss           0x00800276        0x0 c:/program files (x86)/atmel/avr tools/avr toolchain/bin/../lib/gcc/avr/4.6.2/../../../../avr/lib/avr6/crtm2560.o
 .bss           0x00800276        0x0 pjt8.o
 .bss           0x00800276        0x0 queue.o
 .bss           0x00800276        0x0 uart.o
 .bss           0x00800276        0x0 prime.o
 .bss           0x00800276        0x0 interrupt.o
 .bss           0x00800276        0x0 c:/program files (x86)/atmel/avr tools/avr toolchain/bin/../lib/gcc/avr/4.6.2/avr6\libgcc.a(_divmodhi4.o)
 .bss           0x00800276        0x0 c:/program files (x86)/atmel/avr tools/avr toolchain/bin/../lib/gcc/avr/4.6.2/avr6\libgcc.a(_exit.o)
 .bss           0x00800276        0x0 c:/program files (x86)/atmel/avr tools/avr toolchain/bin/../lib/gcc/avr/4.6.2/avr6\libgcc.a(_copy_data.o)
 .bss           0x00800276        0x0 c:/program files (x86)/atmel/avr tools/avr toolchain/bin/../lib/gcc/avr/4.6.2/avr6\libgcc.a(_clear_bss.o)
 .bss           0x00800276        0x0 c:/program files (x86)/atmel/avr tools/avr toolchain/bin/../lib/gcc/avr/4.6.2/avr6\libgcc.a(_udivmodhi4.o)
 .bss           0x00800276        0x2 c:/program files (x86)/atmel/avr tools/avr toolchain/bin/../lib/gcc/avr/4.6.2/../../../../avr/lib/avr6\libc.a(strtok.o)
 .bss           0x00800278        0x0 c:/program files (x86)/atmel/avr tools/avr toolchain/bin/../lib/gcc/avr/4.6.2/../../../../avr/lib/avr6\libc.a(strcmp.o)
 .bss           0x00800278        0x0 c:/program files (x86)/atmel/avr tools/avr toolchain/bin/../lib/gcc/avr/4.6.2/../../../../avr/lib/avr6\libc.a(strtok_r.o)
 .bss           0x00800278        0x0 c:/program files (x86)/atmel/avr tools/avr toolchain/bin/../lib/gcc/avr/4.6.2/../../../../avr/lib/avr6\libc.a(fgets.o)
 .bss           0x00800278        0x0 c:/program files (x86)/atmel/avr tools/avr toolchain/bin/../lib/gcc/avr/4.6.2/../../../../avr/lib/avr6\libc.a(iob.o)
 .bss           0x00800278        0x0 c:/program files (x86)/atmel/avr tools/avr toolchain/bin/../lib/gcc/avr/4.6.2/../../../../avr/lib/avr6\libc.a(printf.o)
 .bss           0x00800278        0x0 c:/program files (x86)/atmel/avr tools/avr toolchain/bin/../lib/gcc/avr/4.6.2/../../../../avr/lib/avr6\libc.a(puts.o)
 .bss           0x00800278        0x0 c:/program files (x86)/atmel/avr tools/avr toolchain/bin/../lib/gcc/avr/4.6.2/../../../../avr/lib/avr6\libc.a(vfprintf_std.o)
 .bss           0x00800278        0x0 c:/program files (x86)/atmel/avr tools/avr toolchain/bin/../lib/gcc/avr/4.6.2/../../../../avr/lib/avr6\libc.a(strnlen_P.o)
 .bss           0x00800278        0x0 c:/program files (x86)/atmel/avr tools/avr toolchain/bin/../lib/gcc/avr/4.6.2/../../../../avr/lib/avr6\libc.a(strnlen.o)
 .bss           0x00800278        0x0 c:/program files (x86)/atmel/avr tools/avr toolchain/bin/../lib/gcc/avr/4.6.2/../../../../avr/lib/avr6\libc.a(fgetc.o)
 .bss           0x00800278        0x0 c:/program files (x86)/atmel/avr tools/avr toolchain/bin/../lib/gcc/avr/4.6.2/../../../../avr/lib/avr6\libc.a(fputc.o)
 .bss           0x00800278        0x0 c:/program files (x86)/atmel/avr tools/avr toolchain/bin/../lib/gcc/avr/4.6.2/../../../../avr/lib/avr6\libc.a(ultoa_invert.o)
 *(.bss*)
 *(COMMON)
 COMMON         0x00800278      0x208 queue.o
                0x00800278                fi
                0x0080027a                qo
                0x0080037a                fo
                0x0080037c                ro
                0x0080037e                ri
                0x00800380                qi
 COMMON         0x00800480        0x1 uart.o
                0x00800480                uart_busy
 COMMON         0x00800481        0x6 c:/program files (x86)/atmel/avr tools/avr toolchain/bin/../lib/gcc/avr/4.6.2/../../../../avr/lib/avr6\libc.a(iob.o)
                0x00800481                __iob
                0x00800487                PROVIDE (__bss_end, .)
                0x00000cae                __data_load_start = LOADADDR (.data)
                0x00000d24                __data_load_end = (__data_load_start + SIZEOF (.data))

.noinit         0x00800487        0x0
                0x00800487                PROVIDE (__noinit_start, .)
 *(.noinit*)
                0x00800487                PROVIDE (__noinit_end, .)
                0x00800487                _end = .
                0x00800487                PROVIDE (__heap_start, .)

.eeprom         0x00810000        0x0
 *(.eeprom*)
                0x00810000                __eeprom_end = .

.fuse
 *(.fuse)
 *(.lfuse)
 *(.hfuse)
 *(.efuse)

.lock
 *(.lock*)

.signature
 *(.signature*)

.stab           0x00000000      0xf24
 *(.stab)
 .stab          0x00000000      0x6e4 c:/program files (x86)/atmel/avr tools/avr toolchain/bin/../lib/gcc/avr/4.6.2/../../../../avr/lib/avr6/crtm2560.o
 .stab          0x000006e4       0x84 c:/program files (x86)/atmel/avr tools/avr toolchain/bin/../lib/gcc/avr/4.6.2/../../../../avr/lib/avr6\libc.a(strcmp.o)
                                 0x90 (size before relaxing)
 .stab          0x00000768      0x204 c:/program files (x86)/atmel/avr tools/avr toolchain/bin/../lib/gcc/avr/4.6.2/../../../../avr/lib/avr6\libc.a(strtok_r.o)
                                0x210 (size before relaxing)
 .stab          0x0000096c       0x9c c:/program files (x86)/atmel/avr tools/avr toolchain/bin/../lib/gcc/avr/4.6.2/../../../../avr/lib/avr6\libc.a(strnlen_P.o)
                                 0xa8 (size before relaxing)
 .stab          0x00000a08       0x9c c:/program files (x86)/atmel/avr tools/avr toolchain/bin/../lib/gcc/avr/4.6.2/../../../../avr/lib/avr6\libc.a(strnlen.o)
                                 0xa8 (size before relaxing)
 .stab          0x00000aa4      0x480 c:/program files (x86)/atmel/avr tools/avr toolchain/bin/../lib/gcc/avr/4.6.2/../../../../avr/lib/avr6\libc.a(ultoa_invert.o)
                                0x48c (size before relaxing)

.stabstr        0x00000000      0x27c
 *(.stabstr)
 .stabstr       0x00000000      0x27c c:/program files (x86)/atmel/avr tools/avr toolchain/bin/../lib/gcc/avr/4.6.2/../../../../avr/lib/avr6/crtm2560.o

.stab.excl
 *(.stab.excl)

.stab.exclstr
 *(.stab.exclstr)

.stab.index
 *(.stab.index)

.stab.indexstr
 *(.stab.indexstr)

.comment
 *(.comment)

.debug
 *(.debug)

.line
 *(.line)

.debug_srcinfo
 *(.debug_srcinfo)

.debug_sfnames
 *(.debug_sfnames)

.debug_aranges  0x00000000      0x220
 *(.debug_aranges)
 .debug_aranges
                0x00000000       0x20 pjt8.o
 .debug_aranges
                0x00000020       0x20 queue.o
 .debug_aranges
                0x00000040       0x20 uart.o
 .debug_aranges
                0x00000060       0x20 prime.o
 .debug_aranges
                0x00000080       0x20 interrupt.o
 .debug_aranges
                0x000000a0       0x20 c:/program files (x86)/atmel/avr tools/avr toolchain/bin/../lib/gcc/avr/4.6.2/avr6\libgcc.a(_divmodhi4.o)
 .debug_aranges
                0x000000c0       0x20 c:/program files (x86)/atmel/avr tools/avr toolchain/bin/../lib/gcc/avr/4.6.2/avr6\libgcc.a(_exit.o)
 .debug_aranges
                0x000000e0       0x20 c:/program files (x86)/atmel/avr tools/avr toolchain/bin/../lib/gcc/avr/4.6.2/avr6\libgcc.a(_copy_data.o)
 .debug_aranges
                0x00000100       0x20 c:/program files (x86)/atmel/avr tools/avr toolchain/bin/../lib/gcc/avr/4.6.2/avr6\libgcc.a(_clear_bss.o)
 .debug_aranges
                0x00000120       0x20 c:/program files (x86)/atmel/avr tools/avr toolchain/bin/../lib/gcc/avr/4.6.2/avr6\libgcc.a(_udivmodhi4.o)
 .debug_aranges
                0x00000140       0x20 c:/program files (x86)/atmel/avr tools/avr toolchain/bin/../lib/gcc/avr/4.6.2/../../../../avr/lib/avr6\libc.a(strtok.o)
 .debug_aranges
                0x00000160       0x20 c:/program files (x86)/atmel/avr tools/avr toolchain/bin/../lib/gcc/avr/4.6.2/../../../../avr/lib/avr6\libc.a(fgets.o)
 .debug_aranges
                0x00000180       0x20 c:/program files (x86)/atmel/avr tools/avr toolchain/bin/../lib/gcc/avr/4.6.2/../../../../avr/lib/avr6\libc.a(printf.o)
 .debug_aranges
                0x000001a0       0x20 c:/program files (x86)/atmel/avr tools/avr toolchain/bin/../lib/gcc/avr/4.6.2/../../../../avr/lib/avr6\libc.a(puts.o)
 .debug_aranges
                0x000001c0       0x20 c:/program files (x86)/atmel/avr tools/avr toolchain/bin/../lib/gcc/avr/4.6.2/../../../../avr/lib/avr6\libc.a(vfprintf_std.o)
 .debug_aranges
                0x000001e0       0x20 c:/program files (x86)/atmel/avr tools/avr toolchain/bin/../lib/gcc/avr/4.6.2/../../../../avr/lib/avr6\libc.a(fgetc.o)
 .debug_aranges
                0x00000200       0x20 c:/program files (x86)/atmel/avr tools/avr toolchain/bin/../lib/gcc/avr/4.6.2/../../../../avr/lib/avr6\libc.a(fputc.o)

.debug_pubnames
 *(.debug_pubnames)

.debug_info     0x00000000     0x193d
 *(.debug_info)
 .debug_info    0x00000000      0x1a5 pjt8.o
 .debug_info    0x000001a5      0x195 queue.o
 .debug_info    0x0000033a      0x305 uart.o
 .debug_info    0x0000063f       0xdc prime.o
 .debug_info    0x0000071b       0xdf interrupt.o
 .debug_info    0x000007fa       0xdd c:/program files (x86)/atmel/avr tools/avr toolchain/bin/../lib/gcc/avr/4.6.2/avr6\libgcc.a(_divmodhi4.o)
 .debug_info    0x000008d7       0xdd c:/program files (x86)/atmel/avr tools/avr toolchain/bin/../lib/gcc/avr/4.6.2/avr6\libgcc.a(_exit.o)
 .debug_info    0x000009b4       0xdd c:/program files (x86)/atmel/avr tools/avr toolchain/bin/../lib/gcc/avr/4.6.2/avr6\libgcc.a(_copy_data.o)
 .debug_info    0x00000a91       0xdd c:/program files (x86)/atmel/avr tools/avr toolchain/bin/../lib/gcc/avr/4.6.2/avr6\libgcc.a(_clear_bss.o)
 .debug_info    0x00000b6e       0xdd c:/program files (x86)/atmel/avr tools/avr toolchain/bin/../lib/gcc/avr/4.6.2/avr6\libgcc.a(_udivmodhi4.o)
 .debug_info    0x00000c4b       0x8e c:/program files (x86)/atmel/avr tools/avr toolchain/bin/../lib/gcc/avr/4.6.2/../../../../avr/lib/avr6\libc.a(strtok.o)
 .debug_info    0x00000cd9      0x193 c:/program files (x86)/atmel/avr tools/avr toolchain/bin/../lib/gcc/avr/4.6.2/../../../../avr/lib/avr6\libc.a(fgets.o)
 .debug_info    0x00000e6c      0x14f c:/program files (x86)/atmel/avr tools/avr toolchain/bin/../lib/gcc/avr/4.6.2/../../../../avr/lib/avr6\libc.a(iob.o)
 .debug_info    0x00000fbb      0x1c6 c:/program files (x86)/atmel/avr tools/avr toolchain/bin/../lib/gcc/avr/4.6.2/../../../../avr/lib/avr6\libc.a(printf.o)
 .debug_info    0x00001181      0x1ab c:/program files (x86)/atmel/avr tools/avr toolchain/bin/../lib/gcc/avr/4.6.2/../../../../avr/lib/avr6\libc.a(puts.o)
 .debug_info    0x0000132c      0x342 c:/program files (x86)/atmel/avr tools/avr toolchain/bin/../lib/gcc/avr/4.6.2/../../../../avr/lib/avr6\libc.a(vfprintf_std.o)
 .debug_info    0x0000166e      0x168 c:/program files (x86)/atmel/avr tools/avr toolchain/bin/../lib/gcc/avr/4.6.2/../../../../avr/lib/avr6\libc.a(fgetc.o)
 .debug_info    0x000017d6      0x167 c:/program files (x86)/atmel/avr tools/avr toolchain/bin/../lib/gcc/avr/4.6.2/../../../../avr/lib/avr6\libc.a(fputc.o)
 *(.gnu.linkonce.wi.*)

.debug_abbrev   0x00000000      0xc52
 *(.debug_abbrev)
 .debug_abbrev  0x00000000      0x103 pjt8.o
 .debug_abbrev  0x00000103       0xae queue.o
 .debug_abbrev  0x000001b1      0x1f1 uart.o
 .debug_abbrev  0x000003a2       0x85 prime.o
 .debug_abbrev  0x00000427       0x75 interrupt.o
 .debug_abbrev  0x0000049c       0x14 c:/program files (x86)/atmel/avr tools/avr toolchain/bin/../lib/gcc/avr/4.6.2/avr6\libgcc.a(_divmodhi4.o)
 .debug_abbrev  0x000004b0       0x14 c:/program files (x86)/atmel/avr tools/avr toolchain/bin/../lib/gcc/avr/4.6.2/avr6\libgcc.a(_exit.o)
 .debug_abbrev  0x000004c4       0x14 c:/program files (x86)/atmel/avr tools/avr toolchain/bin/../lib/gcc/avr/4.6.2/avr6\libgcc.a(_copy_data.o)
 .debug_abbrev  0x000004d8       0x14 c:/program files (x86)/atmel/avr tools/avr toolchain/bin/../lib/gcc/avr/4.6.2/avr6\libgcc.a(_clear_bss.o)
 .debug_abbrev  0x000004ec       0x14 c:/program files (x86)/atmel/avr tools/avr toolchain/bin/../lib/gcc/avr/4.6.2/avr6\libgcc.a(_udivmodhi4.o)
 .debug_abbrev  0x00000500       0x75 c:/program files (x86)/atmel/avr tools/avr toolchain/bin/../lib/gcc/avr/4.6.2/../../../../avr/lib/avr6\libc.a(strtok.o)
 .debug_abbrev  0x00000575       0xe8 c:/program files (x86)/atmel/avr tools/avr toolchain/bin/../lib/gcc/avr/4.6.2/../../../../avr/lib/avr6\libc.a(fgets.o)
 .debug_abbrev  0x0000065d       0xc5 c:/program files (x86)/atmel/avr tools/avr toolchain/bin/../lib/gcc/avr/4.6.2/../../../../avr/lib/avr6\libc.a(iob.o)
 .debug_abbrev  0x00000722      0x11c c:/program files (x86)/atmel/avr tools/avr toolchain/bin/../lib/gcc/avr/4.6.2/../../../../avr/lib/avr6\libc.a(printf.o)
 .debug_abbrev  0x0000083e      0x101 c:/program files (x86)/atmel/avr tools/avr toolchain/bin/../lib/gcc/avr/4.6.2/../../../../avr/lib/avr6\libc.a(puts.o)
 .debug_abbrev  0x0000093f      0x161 c:/program files (x86)/atmel/avr tools/avr toolchain/bin/../lib/gcc/avr/4.6.2/../../../../avr/lib/avr6\libc.a(vfprintf_std.o)
 .debug_abbrev  0x00000aa0       0xd9 c:/program files (x86)/atmel/avr tools/avr toolchain/bin/../lib/gcc/avr/4.6.2/../../../../avr/lib/avr6\libc.a(fgetc.o)
 .debug_abbrev  0x00000b79       0xd9 c:/program files (x86)/atmel/avr tools/avr toolchain/bin/../lib/gcc/avr/4.6.2/../../../../avr/lib/avr6\libc.a(fputc.o)

.debug_line     0x00000000      0xf55
 *(.debug_line)
 .debug_line    0x00000000       0xc0 pjt8.o
 .debug_line    0x000000c0       0x53 queue.o
 .debug_line    0x00000113      0x17c uart.o
 .debug_line    0x0000028f       0x54 prime.o
 .debug_line    0x000002e3       0xba interrupt.o
 .debug_line    0x0000039d       0x99 c:/program files (x86)/atmel/avr tools/avr toolchain/bin/../lib/gcc/avr/4.6.2/avr6\libgcc.a(_divmodhi4.o)
 .debug_line    0x00000436       0x88 c:/program files (x86)/atmel/avr tools/avr toolchain/bin/../lib/gcc/avr/4.6.2/avr6\libgcc.a(_exit.o)
 .debug_line    0x000004be       0x96 c:/program files (x86)/atmel/avr tools/avr toolchain/bin/../lib/gcc/avr/4.6.2/avr6\libgcc.a(_copy_data.o)
 .debug_line    0x00000554       0x8e c:/program files (x86)/atmel/avr tools/avr toolchain/bin/../lib/gcc/avr/4.6.2/avr6\libgcc.a(_clear_bss.o)
 .debug_line    0x000005e2       0x9a c:/program files (x86)/atmel/avr tools/avr toolchain/bin/../lib/gcc/avr/4.6.2/avr6\libgcc.a(_udivmodhi4.o)
 .debug_line    0x0000067c       0x80 c:/program files (x86)/atmel/avr tools/avr toolchain/bin/../lib/gcc/avr/4.6.2/../../../../avr/lib/avr6\libc.a(strtok.o)
 .debug_line    0x000006fc       0xef c:/program files (x86)/atmel/avr tools/avr toolchain/bin/../lib/gcc/avr/4.6.2/../../../../avr/lib/avr6\libc.a(fgets.o)
 .debug_line    0x000007eb       0xc7 c:/program files (x86)/atmel/avr tools/avr toolchain/bin/../lib/gcc/avr/4.6.2/../../../../avr/lib/avr6\libc.a(iob.o)
 .debug_line    0x000008b2      0x151 c:/program files (x86)/atmel/avr tools/avr toolchain/bin/../lib/gcc/avr/4.6.2/../../../../avr/lib/avr6\libc.a(printf.o)
 .debug_line    0x00000a03       0xec c:/program files (x86)/atmel/avr tools/avr toolchain/bin/../lib/gcc/avr/4.6.2/../../../../avr/lib/avr6\libc.a(puts.o)
 .debug_line    0x00000aef      0x291 c:/program files (x86)/atmel/avr tools/avr toolchain/bin/../lib/gcc/avr/4.6.2/../../../../avr/lib/avr6\libc.a(vfprintf_std.o)
 .debug_line    0x00000d80       0xf4 c:/program files (x86)/atmel/avr tools/avr toolchain/bin/../lib/gcc/avr/4.6.2/../../../../avr/lib/avr6\libc.a(fgetc.o)
 .debug_line    0x00000e74       0xe1 c:/program files (x86)/atmel/avr tools/avr toolchain/bin/../lib/gcc/avr/4.6.2/../../../../avr/lib/avr6\libc.a(fputc.o)

.debug_frame    0x00000000      0x40c
 *(.debug_frame)
 .debug_frame   0x00000000       0x3c pjt8.o
 .debug_frame   0x0000003c       0x64 queue.o
 .debug_frame   0x000000a0       0x64 uart.o
 .debug_frame   0x00000104       0x78 prime.o
 .debug_frame   0x0000017c       0xc8 interrupt.o
 .debug_frame   0x00000244       0x24 c:/program files (x86)/atmel/avr tools/avr toolchain/bin/../lib/gcc/avr/4.6.2/../../../../avr/lib/avr6\libc.a(strtok.o)
 .debug_frame   0x00000268       0x4c c:/program files (x86)/atmel/avr tools/avr toolchain/bin/../lib/gcc/avr/4.6.2/../../../../avr/lib/avr6\libc.a(fgets.o)
 .debug_frame   0x000002b4       0x34 c:/program files (x86)/atmel/avr tools/avr toolchain/bin/../lib/gcc/avr/4.6.2/../../../../avr/lib/avr6\libc.a(printf.o)
 .debug_frame   0x000002e8       0x38 c:/program files (x86)/atmel/avr tools/avr toolchain/bin/../lib/gcc/avr/4.6.2/../../../../avr/lib/avr6\libc.a(puts.o)
 .debug_frame   0x00000320       0x84 c:/program files (x86)/atmel/avr tools/avr toolchain/bin/../lib/gcc/avr/4.6.2/../../../../avr/lib/avr6\libc.a(vfprintf_std.o)
 .debug_frame   0x000003a4       0x30 c:/program files (x86)/atmel/avr tools/avr toolchain/bin/../lib/gcc/avr/4.6.2/../../../../avr/lib/avr6\libc.a(fgetc.o)
 .debug_frame   0x000003d4       0x38 c:/program files (x86)/atmel/avr tools/avr toolchain/bin/../lib/gcc/avr/4.6.2/../../../../avr/lib/avr6\libc.a(fputc.o)

.debug_str      0x00000000      0x4da
 *(.debug_str)
 .debug_str     0x00000000       0x96 pjt8.o
                                 0xcf (size before relaxing)
 .debug_str     0x00000096       0x3a queue.o
                                 0x74 (size before relaxing)
 .debug_str     0x000000d0       0xad uart.o
                                0x16d (size before relaxing)
 .debug_str     0x0000017d       0x24 prime.o
                                 0xb8 (size before relaxing)
 .debug_str     0x000001a1       0x27 interrupt.o
                                 0xcd (size before relaxing)
 .debug_str     0x000001c8       0x5f c:/program files (x86)/atmel/avr tools/avr toolchain/bin/../lib/gcc/avr/4.6.2/../../../../avr/lib/avr6\libc.a(strtok.o)
                                 0x7d (size before relaxing)
 .debug_str     0x00000227       0x56 c:/program files (x86)/atmel/avr tools/avr toolchain/bin/../lib/gcc/avr/4.6.2/../../../../avr/lib/avr6\libc.a(fgets.o)
                                 0xfb (size before relaxing)
 .debug_str     0x0000027d       0x4e c:/program files (x86)/atmel/avr tools/avr toolchain/bin/../lib/gcc/avr/4.6.2/../../../../avr/lib/avr6\libc.a(iob.o)
                                 0xf2 (size before relaxing)
 .debug_str     0x000002cb       0x72 c:/program files (x86)/atmel/avr tools/avr toolchain/bin/../lib/gcc/avr/4.6.2/../../../../avr/lib/avr6\libc.a(printf.o)
                                0x125 (size before relaxing)
 .debug_str     0x0000033d       0x54 c:/program files (x86)/atmel/avr tools/avr toolchain/bin/../lib/gcc/avr/4.6.2/../../../../avr/lib/avr6\libc.a(puts.o)
                                 0xf8 (size before relaxing)
 .debug_str     0x00000391       0x9d c:/program files (x86)/atmel/avr tools/avr toolchain/bin/../lib/gcc/avr/4.6.2/../../../../avr/lib/avr6\libc.a(vfprintf_std.o)
                                0x16b (size before relaxing)
 .debug_str     0x0000042e       0x56 c:/program files (x86)/atmel/avr tools/avr toolchain/bin/../lib/gcc/avr/4.6.2/../../../../avr/lib/avr6\libc.a(fgetc.o)
                                 0xfb (size before relaxing)
 .debug_str     0x00000484       0x56 c:/program files (x86)/atmel/avr tools/avr toolchain/bin/../lib/gcc/avr/4.6.2/../../../../avr/lib/avr6\libc.a(fputc.o)
                                 0xfb (size before relaxing)

.debug_loc      0x00000000      0xe67
 *(.debug_loc)
 .debug_loc     0x00000000       0x54 pjt8.o
 .debug_loc     0x00000054       0x3c queue.o
 .debug_loc     0x00000090       0xd8 uart.o
 .debug_loc     0x00000168      0x19c prime.o
 .debug_loc     0x00000304      0x1c9 interrupt.o
 .debug_loc     0x000004cd       0x30 c:/program files (x86)/atmel/avr tools/avr toolchain/bin/../lib/gcc/avr/4.6.2/../../../../avr/lib/avr6\libc.a(strtok.o)
 .debug_loc     0x000004fd      0x13e c:/program files (x86)/atmel/avr tools/avr toolchain/bin/../lib/gcc/avr/4.6.2/../../../../avr/lib/avr6\libc.a(fgets.o)
 .debug_loc     0x0000063b       0x3b c:/program files (x86)/atmel/avr tools/avr toolchain/bin/../lib/gcc/avr/4.6.2/../../../../avr/lib/avr6\libc.a(printf.o)
 .debug_loc     0x00000676       0xe0 c:/program files (x86)/atmel/avr tools/avr toolchain/bin/../lib/gcc/avr/4.6.2/../../../../avr/lib/avr6\libc.a(puts.o)
 .debug_loc     0x00000756      0x5e9 c:/program files (x86)/atmel/avr tools/avr toolchain/bin/../lib/gcc/avr/4.6.2/../../../../avr/lib/avr6\libc.a(vfprintf_std.o)
 .debug_loc     0x00000d3f       0x8f c:/program files (x86)/atmel/avr tools/avr toolchain/bin/../lib/gcc/avr/4.6.2/../../../../avr/lib/avr6\libc.a(fgetc.o)
 .debug_loc     0x00000dce       0x99 c:/program files (x86)/atmel/avr tools/avr toolchain/bin/../lib/gcc/avr/4.6.2/../../../../avr/lib/avr6\libc.a(fputc.o)

.debug_macinfo
 *(.debug_macinfo)
OUTPUT(pjt8.elf elf32-avr)
LOAD linker stubs

.debug_ranges   0x00000000       0x80
 .debug_ranges  0x00000000       0x10 pjt8.o
 .debug_ranges  0x00000010       0x10 c:/program files (x86)/atmel/avr tools/avr toolchain/bin/../lib/gcc/avr/4.6.2/../../../../avr/lib/avr6\libc.a(strtok.o)
 .debug_ranges  0x00000020       0x10 c:/program files (x86)/atmel/avr tools/avr toolchain/bin/../lib/gcc/avr/4.6.2/../../../../avr/lib/avr6\libc.a(fgets.o)
 .debug_ranges  0x00000030       0x10 c:/program files (x86)/atmel/avr tools/avr toolchain/bin/../lib/gcc/avr/4.6.2/../../../../avr/lib/avr6\libc.a(printf.o)
 .debug_ranges  0x00000040       0x10 c:/program files (x86)/atmel/avr tools/avr toolchain/bin/../lib/gcc/avr/4.6.2/../../../../avr/lib/avr6\libc.a(puts.o)
 .debug_ranges  0x00000050       0x10 c:/program files (x86)/atmel/avr tools/avr toolchain/bin/../lib/gcc/avr/4.6.2/../../../../avr/lib/avr6\libc.a(vfprintf_std.o)
 .debug_ranges  0x00000060       0x10 c:/program files (x86)/atmel/avr tools/avr toolchain/bin/../lib/gcc/avr/4.6.2/../../../../avr/lib/avr6\libc.a(fgetc.o)
 .debug_ranges  0x00000070       0x10 c:/program files (x86)/atmel/avr tools/avr toolchain/bin/../lib/gcc/avr/4.6.2/../../../../avr/lib/avr6\libc.a(fputc.o)
